12 HLSP/K2-only actionable dwarfs to search


==============================================================================
[1/12] BD-03  3321  Gaia 3680522166465341056  hab8=0.997  R*=1.310 M*=1.014 Teff=5696
==============================================================================
  download: got 5 LCs from 4 pipelines in 7s
  using pipeline: TESS-SPOC (1 LCs)
  detrended: 3183 pts, baseline 25 d, RMS 505 ppm
  BLS: P=0.7277 d  dur=3.60 h  depth=107 ppm  SDE=7.30  (0s)
  if-real: R_p=1.48 R_Earth  a=0.016 AU  T_eq=2492 K
  *** SDE >= 7 -- candidate ***

==============================================================================
[2/12] CD-30  7056  Gaia 5629444975252369024  hab8=0.995  R*=1.187 M*=1.060 Teff=5864
==============================================================================
  download: got 8 LCs from 2 pipelines in 9s
  using pipeline: TESS-SPOC (3 LCs)
  detrended: 13443 pts, baseline 1496 d, RMS 432 ppm
  BLS: P=36.4114 d  dur=4.80 h  depth=351 ppm  SDE=5.22  (11s)
  if-real: R_p=2.43 R_Earth  a=0.219 AU  T_eq=658 K

==============================================================================
[3/12] TYC 1071-934-1  Gaia 4299049512104000128  hab8=0.994  R*=0.945 M*=1.018 Teff=5710
==============================================================================
  download: got 2 LCs from 2 pipelines in 3s
  using pipeline: TESS-SPOC (1 LCs)
  detrended: 1795 pts, baseline 26 d, RMS 1131 ppm
  BLS: P=0.6873 d  dur=2.40 h  depth=1267 ppm  SDE=10.89  (0s)
  if-real: R_p=3.67 R_Earth  a=0.015 AU  T_eq=2162 K
  *** SDE >= 7 -- candidate ***

==============================================================================
[4/12] TYC 6897-1616-1  Gaia 6765392391143702400  hab8=0.994  R*=1.052 M*=1.089 Teff=5952
==============================================================================
  download: got 1 LCs from 1 pipelines in 3s
  using pipeline: QLP (1 LCs)
  detrended: 9307 pts, baseline 25 d, RMS 1345 ppm
  BLS: P=8.1278 d  dur=2.40 h  depth=1032 ppm  SDE=4.14  (0s)
  if-real: R_p=3.69 R_Earth  a=0.081 AU  T_eq=1032 K

==============================================================================
[5/12] TYC 5606-1113-1  Gaia 6266047329961009408  hab8=0.991  R*=1.147 M*=1.021 Teff=5723
==============================================================================
  download: got 2 LCs from 2 pipelines in 9s
  using pipeline: QLP (1 LCs)
  detrended: 7559 pts, baseline 25 d, RMS 1167 ppm
  BLS: P=0.7001 d  dur=4.80 h  depth=216 ppm  SDE=3.33  (0s)
  if-real: R_p=1.84 R_Earth  a=0.016 AU  T_eq=2372 K

==============================================================================
[6/12] HD 271200  Gaia 4660544333766391424  hab8=0.991  R*=0.933 M*=1.160 Teff=6138
==============================================================================
  download: got 73 LCs from 2 pipelines in 64s
  using pipeline: TESS-SPOC (32 LCs)
  detrended: 126176 pts, baseline 1854 d, RMS 945 ppm
  BLS: P=160.1144 d  dur=2.40 h  depth=854 ppm  SDE=3.50  (32s)
  if-real: R_p=2.98 R_Earth  a=0.606 AU  T_eq=367 K

==============================================================================
[7/12] HD 122625  Gaia 6300979810806953216  hab8=0.991  R*=1.120 M*=1.069 Teff=5891
==============================================================================
  download: got 3 LCs from 3 pipelines in 10s
  using pipeline: QLP (1 LCs)
  detrended: 7201 pts, baseline 27 d, RMS 893 ppm
  BLS: P=8.1476 d  dur=4.80 h  depth=717 ppm  SDE=5.27  (0s)
  if-real: R_p=3.28 R_Earth  a=0.081 AU  T_eq=1056 K

==============================================================================
[8/12] TYC 5232-208-1  Gaia 2621655046865027712  hab8=0.990  R*=0.843 M*=0.978 Teff=5552
==============================================================================
  download: got 5 LCs from 4 pipelines in 9s
  using pipeline: TESS-SPOC (1 LCs)
  detrended: 1919 pts, baseline 23 d, RMS 1290 ppm
  BLS: P=7.7536 d  dur=4.80 h  depth=1182 ppm  SDE=3.39  (0s)
  if-real: R_p=3.16 R_Earth  a=0.076 AU  T_eq=891 K

==============================================================================
[9/12] TYC 5606-566-1  Gaia 6308062830354023808  hab8=0.989  R*=1.069 M*=1.082 Teff=5930
==============================================================================
  download: got 1 LCs from 1 pipelines in 3s
  using pipeline: QLP (1 LCs)
  detrended: 7567 pts, baseline 25 d, RMS 1334 ppm
  BLS: P=8.6813 d  dur=4.80 h  depth=645 ppm  SDE=5.15  (0s)
  if-real: R_p=2.96 R_Earth  a=0.085 AU  T_eq=1015 K

==============================================================================
[10/12] HD 180950  Gaia 4186063147481113472  hab8=0.988  R*=1.376 M*=1.110 Teff=6010
==============================================================================
  download: got 5 LCs from 2 pipelines in 4s
  using pipeline: TESS-SPOC (2 LCs)
  detrended: 9148 pts, baseline 736 d, RMS 693 ppm
  BLS: P=1.8567 d  dur=1.92 h  depth=186 ppm  SDE=14.09  (8s)
  if-real: R_p=2.05 R_Earth  a=0.031 AU  T_eq=1943 K
  *** SDE >= 7 -- candidate ***

==============================================================================
[11/12] TYC 6883-1588-1  Gaia 6768942714192339584  hab8=0.988  R*=1.052 M*=1.035 Teff=5775
==============================================================================
  download: got 1 LCs from 1 pipelines in 3s
  using pipeline: QLP (1 LCs)
  detrended: 9278 pts, baseline 25 d, RMS 1470 ppm
  BLS: P=0.7087 d  dur=4.80 h  depth=181 ppm  SDE=4.37  (0s)
  if-real: R_p=1.55 R_Earth  a=0.016 AU  T_eq=2277 K

==============================================================================
[12/12] BD+20  2167  Gaia 664430104958271616  hab8=0.988  R*=0.989 M*=1.066 Teff=5883
==============================================================================
  download: got 11 LCs from 4 pipelines in 10s
  using pipeline: TESS-SPOC (4 LCs)
  detrended: 18240 pts, baseline 785 d, RMS 554 ppm
  BLS: P=174.2635 d  dur=1.20 h  depth=544 ppm  SDE=3.66  (14s)
  if-real: R_p=2.52 R_Earth  a=0.624 AU  T_eq=357 K

==============================================================================
HLSP BLS COMPLETE -- 12 targets
==============================================================================
           name     hab8  pipeline  n_segments  baseline_d        P_d   depth_ppm       sde  R_p_Rearth      T_eq_K                     status
      HD 180950 0.988150 TESS-SPOC           2  736.428862   1.856654  185.686086 14.093281    2.048098 1943.313971 DETECTION_CANDIDATE_SDE_OK
 TYC 1071-934-1 0.994449 TESS-SPOC           1   26.215449   0.687288 1266.857314 10.888352    3.673157 2161.666036 DETECTION_CANDIDATE_SDE_OK
    BD-03  3321 0.996923 TESS-SPOC           1   24.967701   0.727747  107.331478  7.300833    1.481523 2492.033014 DETECTION_CANDIDATE_SDE_OK
      HD 122625 0.991037       QLP           1   27.388953   8.147556  717.064509  5.274646    3.275415 1056.199776                   marginal
    CD-30  7056 0.995387 TESS-SPOC           3 1496.140481  36.411436  350.786107  5.218649    2.427493  657.917321                   marginal
 TYC 5606-566-1 0.988998       QLP           1   24.773977   8.681332  644.855005  5.150453    2.963309 1014.698848                   marginal
TYC 6883-1588-1 0.988093       QLP           1   25.237945   0.708747  181.396545  4.372337    1.547502 2277.064720                         ok
TYC 6897-1616-1 0.993932       QLP           1   25.344533   8.127827 1032.312824  4.141582    3.692298 1032.003559                         ok
    BD+20  2167 0.987597 TESS-SPOC           4  785.222406 174.263471  543.645263  3.655873    2.519227  357.295415                         ok
      HD 271200 0.991368 TESS-SPOC          32 1853.918289 160.114365  854.179804  3.501863    2.978136  367.178793                         ok
 TYC 5232-208-1 0.990145 TESS-SPOC           1   22.916501   7.753591 1181.714724  3.391142    3.163906  890.966058                         ok
TYC 5606-1113-1 0.991417       QLP           1   24.787906   0.700122  216.263399  3.328277    1.842575 2371.615153                         ok

SDE>=7 candidates: 3
          name      P_d       sde   depth_ppm  R_p_Rearth      T_eq_K
   BD-03  3321 0.727747  7.300833  107.331478    1.481523 2492.033014
TYC 1071-934-1 0.687288 10.888352 1266.857314    3.673157 2161.666036
     HD 180950 1.856654 14.093281  185.686086    2.048098 1943.313971
DONE
